---
http_interactions:
- request:
    method: post
    uri: http://localhost:9200/_bulk?refresh
    body:
      encoding: UTF-8
      string: |
        {"index":{"_index":"yoga_pants_test","_type":"doc","_id":2}}
        {"foo":"hello bulk"}
        {"index":{"_index":"yoga_pants_test_1","_type":"doc2","_id":2}}
        {"foo":"hello bulk 2"}
    headers:
      Content-Type:
      - application/x-www-form-urlencoded
  response:
    status:
      code: 200
      message: OK
    headers:
      Content-Type:
      - application/json; charset=UTF-8
      Content-Length:
      - '197'
    body:
      encoding: UTF-8
      string: '{"took":111,"items":[{"index":{"_index":"yoga_pants_test","_type":"doc","_id":"2","_version":1,"ok":true}},{"index":{"_index":"yoga_pants_test_1","_type":"doc2","_id":"2","_version":1,"ok":true}}]}'
    http_version: 
  recorded_at: Mon, 16 Sep 2013 05:09:34 GMT
- request:
    method: get
    uri: http://localhost:9200/yoga_pants_test/doc/2
    body:
      encoding: UTF-8
      string: ''
    headers: {}
  response:
    status:
      code: 200
      message: OK
    headers:
      Content-Type:
      - application/json; charset=UTF-8
      Content-Length:
      - '113'
    body:
      encoding: UTF-8
      string: '{"_index":"yoga_pants_test","_type":"doc","_id":"2","_version":1,"exists":true,
        "_source" : {"foo":"hello bulk"}}'
    http_version: 
  recorded_at: Mon, 16 Sep 2013 05:09:34 GMT
- request:
    method: get
    uri: http://localhost:9200/yoga_pants_test_1/doc2/2
    body:
      encoding: UTF-8
      string: ''
    headers: {}
  response:
    status:
      code: 200
      message: OK
    headers:
      Content-Type:
      - application/json; charset=UTF-8
      Content-Length:
      - '118'
    body:
      encoding: UTF-8
      string: '{"_index":"yoga_pants_test_1","_type":"doc2","_id":"2","_version":1,"exists":true,
        "_source" : {"foo":"hello bulk 2"}}'
    http_version: 
  recorded_at: Mon, 16 Sep 2013 05:09:34 GMT
recorded_with: VCR 2.5.0
